// Jest Snapshot v1, https://goo.gl/fbAQLP

exports[`Componente AllTasksCalendar muestra tareas asignadas y sin asignar correctamente y coincide con el snapshot 1`] = `
<DocumentFragment>
  <div
    class="p-6"
  >
    <h1
      class="text-3xl font-bold mb-4 text-white"
    >
      Todas las tareas del Sprint 123
    </h1>
    <h2
      class="text-xl font-semibold mb-2 text-white"
    >
      Tareas
    </h2>
    <div
      class="no-white-scrollbar overflow-y-auto max-h-[calc(100vh-220px)] pr-2"
    >
      <div
        class="mb-6"
      >
        <h3
          class="text-lg font-semibold mb-2 text-white"
        >
          Tareas Asignadas
        </h3>
        <div
          class="grid grid-cols-1 sm:grid-cols-2 md:grid-cols-3 lg:grid-cols-4 gap-6"
        >
          <div
            class="bg-black bg-opacity-20 p-4 rounded-2xl flex flex-col space-y-2"
          >
            <h3
              class="font-semibold text-white truncate"
            >
              Test Task
            </h3>
            <p
              class="text-gray-300 truncate"
            >
              Desarrollador: Test User
            </p>
            <p
              class="text-gray-400 text-sm"
            >
              Story Points: 
              <span
                class="inline-block px-2 py-0.5 rounded-full text-white bg-green-500"
              >
                3
              </span>
            </p>
            <p
              class="text-gray-400 text-sm"
            >
              Estimadas: 4h
            </p>
            <p
              class="text-gray-400 text-sm"
            >
              Reales: 0h
            </p>
            <button
              class="mt-auto self-end text-blue-300 underline"
            >
              Ver más
            </button>
          </div>
        </div>
      </div>
      <div
        class="mt-6"
      >
        <h3
          class="text-lg font-semibold mb-2 text-white"
        >
          Tareas Libres
        </h3>
        <div
          class="grid grid-cols-1 sm:grid-cols-2 md:grid-cols-3 lg:grid-cols-4 gap-6"
        >
          <div
            class="bg-black bg-opacity-20 p-4 rounded-2xl flex flex-col space-y-2"
          >
            <h3
              class="font-semibold text-white truncate"
            >
              Fix logout bug
            </h3>
            <p
              class="text-gray-300 truncate"
            >
              Desarrollador: Libre
            </p>
            <p
              class="text-gray-400 text-sm"
            >
              Story Points: 
              <span
                class="inline-block px-2 py-0.5 rounded-full text-white bg-green-500"
              >
                2
              </span>
            </p>
            <p
              class="text-gray-400 text-sm"
            >
              Estimadas: 3h
            </p>
            <p
              class="text-gray-400 text-sm"
            >
              Reales: 0h
            </p>
            <button
              class="mt-auto self-end text-blue-300 underline"
            >
              Ver más
            </button>
          </div>
        </div>
      </div>
    </div>
  </div>
</DocumentFragment>
`;
